Apr 20th 2020, 12:05:35 am: ReferenceError: data is not defined 
Apr 20th 2020, 12:27:09 am: ReferenceError: ajv is not defined 
Apr 20th 2020, 12:37:32 am: ReferenceError: report is not defined 
